// Jest Snapshot v1, https://goo.gl/fbAQLP

exports[`Renders expected snapshots 1`] = `
<div>
  <span>
    <a
      href="https://facebook.github.io/react"
    >
      React
    </a>
  </span>
  <span>
    Jordan Walke
  </span>
  <span>
    5
  </span>
  <span>
    4
  </span>
  <span>
    <button
      onClick={[Function]}
      type="button"
    >
      Dismiss
    </button>
  </span>
</div>
`;
